// Jest Snapshot v1, https://goo.gl/fbAQLP

exports[`AutoComplete should render correctly 1`] = `
<div>
  <div
    class="jsx-1423549012 auto-complete"
  >
    <div
      class="jsx-1830426941 with-label"
    >
      <div
        class="jsx-1830426941 input-container "
      >
        <div
          class="jsx-1830426941 input-wrapper   "
        >
          <input
            autocomplete="off"
            class="jsx-1830426941  "
            placeholder=""
            type="text"
            value=""
          />
        </div>
      </div>
    </div>
  </div>
</div>
`;
