// Jest Snapshot v1, https://goo.gl/fbAQLP

exports[`Display should work with shadow and width 1`] = `
<div>
  <div
    class="jsx-435874419 display "
  >
    <div
      class="jsx-435874419 content"
    >
      display
    </div>
    <div
      class="jsx-435874419 caption"
    >
      <h1>
        h1
      </h1>
    </div>
  </div>
  <div
    class="jsx-2312608450 display "
  >
    <div
      class="jsx-2312608450 content"
    >
      display
    </div>
    <div
      class="jsx-2312608450 caption"
    >
      <h1>
        h1
      </h1>
    </div>
  </div>
</div>
`;
