// Jest Snapshot v1, https://goo.gl/fbAQLP

exports[`Dot should supports types 1`] = `
<div>
  <span
    class="jsx-1693940369 dot "
  >
    <span
      class="jsx-1693940369 icon"
    />
    <span
      class="jsx-1693940369 label"
    />
  </span>
  <span
    class="jsx-933920327 dot "
  >
    <span
      class="jsx-933920327 icon"
    />
    <span
      class="jsx-933920327 label"
    />
  </span>
  <span
    class="jsx-1124426214 dot "
  >
    <span
      class="jsx-1124426214 icon"
    />
    <span
      class="jsx-1124426214 label"
    />
  </span>
  <span
    class="jsx-2942677411 dot "
  >
    <span
      class="jsx-2942677411 icon"
    />
    <span
      class="jsx-2942677411 label"
    />
  </span>
</div>
`;
