// Jest Snapshot v1, https://goo.gl/fbAQLP

exports[`Fieldset should render correctly 1`] = `
<div>
  <div
    class="jsx-1370308080 fieldset "
  >
    <div
      class="jsx-1378117926 content "
    >
      <h4
        class="jsx-1120864964 "
      >
        title
      </h4>
      <p
        class="jsx-2058623421 "
      >
        subtitle
      </p>
    </div>
    <footer
      class="jsx-2056013152 "
    >
      <div
        class="jsx-478630753 "
      >
        status
      </div>
      <div
        class="jsx-4264196999 "
      >
        <button>
          Actions
        </button>
      </div>
    </footer>
  </div>
</div>
`;
