// Jest Snapshot v1, https://goo.gl/fbAQLP

exports[`User should support image and text 1`] = `
<div>
  <div>
    <div
      class="jsx-3839489348 user "
    >
      <span
        class="jsx-35822646 avatar "
      >
        <span
          class="jsx-35822646 avatar-text"
        >
          witt
        </span>
      </span>
      <div
        class="jsx-3839489348 names"
      >
        <span
          class="jsx-3839489348 name"
        >
          witt
        </span>
        <span
          class="jsx-3839489348 social"
        />
      </div>
    </div>
    <div
      class="jsx-3839489348 user "
    >
      <span
        class="jsx-35822646 avatar "
      >
        <img
          class="jsx-35822646 avatar-img"
          src="https://unix.bio/assets/avatar.png"
        />
      </span>
      <div
        class="jsx-3839489348 names"
      >
        <span
          class="jsx-3839489348 name"
        >
          witt
        </span>
        <span
          class="jsx-3839489348 social"
        />
      </div>
    </div>
  </div>
</div>
`;
